// Jest Snapshot v1, https://goo.gl/fbAQLP

exports[`fixtures: basic.html 1`] = `
Array [
  Object {
    "column": 2,
    "line": 1,
    "message": "Doctype must be declared first.",
    "nodeType": null,
    "ruleId": "htm/html",
    "severity": 2,
  },
]
`;
