// Jest Snapshot v1, https://goo.gl/fbAQLP

exports[`fixtures: basic.html 1`] = `Array []`;
